-- C++ standard: 20
-- Using compiler flags: -Wall -Wextra -Wpedantic -Wshadow -Wzero-as-null-pointer-constant -Wold-style-cast -Woverloaded-virtual -Wfloat-conversion -Wno-c2y-extensions -Wnull-dereference 
-- Checking C++20 std::format support
-- Checking C++20 std::format support - ok
-- Found Eigen3 at: /cvmfs/sft.cern.ch/lcg/views/LCG_109/x86_64-el9-clang19-opt/include/eigen3 (3.4.1)
-- Found Python: /cvmfs/sft.cern.ch/lcg/views/LCG_109/x86_64-el9-clang19-opt/bin/python3.13 (found suitable version "3.13.11", minimum required is "3.8") found components: Interpreter Development.Module
-- Building pybind11 as part of the ACTS project
-- pybind11 v3.0.1 
-- Building actsvg as part of the ACTS project
-- Building 'actsvg::core' component
-- Building 'actsvg::meta' component
-- Building 'actsvg::web' component
-- Found Python: /cvmfs/sft.cern.ch/lcg/views/LCG_109/x86_64-el9-clang19-opt/bin/python3.13 (found suitable version "3.13.11", minimum required is "3.8") found components: Interpreter Development Development.Module Development.Embed
-- Building pybind11 as part of actsvg
-- Building 'actsvg::python' bindings
-- Enable component 'Core' in 'Core'
-- Enable log failure threshold
-- Configuring codegen
-- Codegen temporary directory: /home/lmonaco/tim/acts/build/codegen_tmp
-- Found uv uv 0.7.19: /home/lmonaco/tim/acts/build/uv/uv-x86_64-unknown-linux-musl/uv
-- Enable component 'Fatras' in 'Fatras'
-- Ignore component 'FatrasGeant4' in 'Fatras/Geant4'
-- Ignore component 'Alignment' in 'Alignment'
-- Enable component 'PluginActSVG' in 'Plugins/ActSVG'
-- Enable component 'PluginFpeMonitoring' in 'Plugins/FpeMonitoring'
-- Does backtrace work with the default include
-- Does backtrace work with the default include - no
-- Could not find backtrace header file
-- Does backtrace work without linker flag
-- Does backtrace work without linker flag - no
-- Does backtrace work with linker flag
-- Does backtrace work with linker flag - no
-- ld lib available: use boost basic fallback
-- Ignore component 'PluginGeant4' in 'Plugins/Geant4'
-- Ignore component 'PluginGeoModel' in 'Plugins/GeoModel'
-- Enable component 'PluginJson' in 'Plugins/Json'
-- Json plugin: checking for zstd
-- Json plugin: checking for zstd - found
-- Ignore component 'PluginMille' in 'Plugins/Mille'
-- Ignore component 'PluginOnnx' in 'Plugins/Onnx'
-- Ignore component 'PluginGnn' in 'Plugins/Gnn'
-- Ignore component 'PluginDetray' in 'Plugins/Detray'
-- Ignore component 'PluginCovfie' in 'Plugins/Covfie'
-- Enable component 'PluginRoot' in 'Plugins/Root'
-- Ignore component 'PluginDD4hep' in 'Plugins/DD4hep'
-- Ignore component 'PluginEDM4hep' in 'Plugins/EDM4hep'
-- Ignore component 'PluginArrow' in 'Plugins/Arrow'
-- Ignore subdirectory 'thirdparty/OpenDataDetector'
-- Enable subdirectory 'Examples'
-- Ignore subdirectory 'Examples/Algorithms/Geant4'
-- Ignore subdirectory 'Examples/Algorithms/GeneratorsPythia8'
-- Ignore subdirectory 'Examples/Algorithms/Detray'
-- Ignore subdirectory 'Examples/Algorithms/TrackFindingGnn'
-- Ignore subdirectory 'Examples/Algorithms/TrackFindingML'
-- Ignore subdirectory 'Examples/Algorithms/Jets'
-- Ignore subdirectory 'Examples/Algorithms/Alignment'
-- Ignore subdirectory 'Examples/Algorithms/AlignmentMillePede'
-- Ignore subdirectory 'Examples/Detectors/DD4hepDetector'
-- Ignore subdirectory 'Examples/Detectors/Geant4Detector'
-- Enable subdirectory 'Examples/Detectors/TGeoDetector'
-- Ignore subdirectory 'Examples/Detectors/GeoModelDetector'
-- Ignore subdirectory 'Examples/Io/Arrow'
-- Ignore subdirectory 'Examples/Io/EDM4hep'
-- Examples HepMC3 IO: checking for zlib
-- Examples HepMC3 IO: checking for zlib - found
-- Examples HepMC3 IO: checking for lzma
-- Examples HepMC3 IO: checking for lzma - found
-- Examples HepMC3 IO: checking for bzip2
-- Examples HepMC3 IO: checking for bzip2 - found
-- Examples HepMC3 IO: checking for zstd
-- Examples HepMC3 IO: checking for zstd - found
-- Examples HepMC3 IO: checking for ROOT IO
-- Examples HepMC3 IO: checking for ROOT IO - found
-- Ignore subdirectory 'Examples/Io/Parquet'
-- Enable subdirectory 'Examples/Io/Root'
-- Enable subdirectory 'Examples/Io/Svg'
-- Ignore subdirectory 'Examples/Io/Podio'
-- Ignore subdirectory 'Examples/Scripts'
-- Ignore subdirectory 'Examples/CudaMuonSegmentFitting'
-- Enable subdirectory 'Python'
-- Enable subdirectory 'Python/Fatras'
-- Enable subdirectory 'Python/Examples'
-- Installing example python file: __init__.py to python/acts/examples/
-- Installing example python file: simulation.py to python/acts/examples/
-- Installing example python file: reconstruction.py to python/acts/examples/
-- Installing example python file: itk.py to python/acts/examples/
-- Installing example python file: odd.py to python/acts/examples/
-- Installing example python file: dataset.py to python/acts/examples/
-- Installing example python file: uproot.py to python/acts/examples/
-- Installing example python file: visualization.py to python/acts/examples/
-- Installing example python file: scipy.py to python/acts/examples/
-- Installing example python file: hepmc3/__init__.py to python/acts/examples/hepmc3
-- Installing example python file: hepmc3/__main__.py to python/acts/examples/hepmc3
-- Ignore subdirectory 'Tests/Benchmarks'
-- Enable subdirectory 'Tests/IntegrationTests'
-- Enable subdirectory 'Tests/IntegrationTests/Fatras'
-- Enable subdirectory 'Tests/UnitTests'
-- Enable subdirectory 'Tests/UnitTests/Core'
-- Enable subdirectory 'Tests/UnitTests/Examples'
-- Ignore subdirectory 'Tests/UnitTests/Examples/Algorithms/Alignment'
-- Ignore subdirectory 'Tests/UnitTests/Examples/Algorithms/TrackFinding/Hashing'
-- Ignore subdirectory 'Tests/UnitTests/Examples/Detectors/TelescopeDetector'
-- Enable subdirectory 'Tests/UnitTests/Examples/Io/Json'
-- Enable subdirectory 'Tests/UnitTests/Examples/Io/Root'
-- Ignore subdirectory 'Tests/UnitTests/Examples/Io/Podio'
-- Ignore subdirectory 'Tests/UnitTests/Examples/CudaMuonSegmentFitting'
-- Ignore subdirectory 'Tests/UnitTests/Benchmarks'
-- Enable subdirectory 'Tests/UnitTests/Fatras'
-- Enable subdirectory 'Tests/UnitTests/Plugins/ActSVG'
-- Ignore subdirectory 'Tests/UnitTests/Plugins/Covfie'
-- Ignore subdirectory 'Tests/UnitTests/Plugins/DD4hep'
-- Ignore subdirectory 'Tests/UnitTests/Plugins/Detray'
-- Ignore subdirectory 'Tests/UnitTests/Plugins/EDM4hep'
-- Enable subdirectory 'Tests/UnitTests/Plugins/FpeMonitoring'
-- Ignore subdirectory 'Tests/UnitTests/Plugins/Geant4'
-- Ignore subdirectory 'Tests/UnitTests/Plugins/GeoModel'
-- Ignore subdirectory 'Tests/UnitTests/Plugins/Gnn'
-- Enable subdirectory 'Tests/UnitTests/Plugins/Json'
-- Enable subdirectory 'Tests/UnitTests/Plugins/Root'
-- Ignore subdirectory 'Tests/UnitTests/Plugins/Mille'
-- Ignore subdirectory 'Tests/UnitTests/Alignment'
-- Configuring done (6.1s)
-- Generating done (4.2s)
-- Build files have been written to: /home/lmonaco/tim/acts/build
[  0%] Generating codegen/sympy_jac_math.hpp
[  0%] Generating codegen/sympy_cov_math.hpp
[  0%] Generating codegen/sympy_stepper_math.hpp
[  0%] Generating ParticleDataTable.hpp
[  4%] Built target ActsExamplesIoRootDict
[  4%] Built target codegen_1fb06d98eae48c30a60b4c8acb7ebdbee0670524_Internal
[  4%] Built target codegen_79ce5a7ad1c4f4193db110f5858c7c94f7bc3c10_Internal
[  4%] Built target codegen_4febcacac24eb26d1d1d0e61b83dbc12bbdd79cd_Internal
[  4%] Built target codegen_4456db4833ffa91027fc4b960af806f0afc991b3_Internal
[  4%] Building CXX object Core/CMakeFiles/ActsCore.dir/src/Definitions/ParticleData.cpp.o
[  4%] Building CXX object Core/CMakeFiles/ActsCore.dir/src/Propagator/detail/SympyStepVacuumJac.cpp.o
[  4%] Building CXX object Core/CMakeFiles/ActsCore.dir/src/Propagator/detail/SympyStepVacuumNoJac.cpp.o
[  4%] Building CXX object Core/CMakeFiles/ActsCore.dir/src/Propagator/detail/SympyStepDenseJac.cpp.o
[  4%] Building CXX object Core/CMakeFiles/ActsCore.dir/src/Propagator/detail/SympyStepDenseNoJac.cpp.o
[  4%] Building CXX object Core/CMakeFiles/ActsCore.dir/src/Propagator/detail/SympyCovarianceEngine.cpp.o
[  4%] Building CXX object Core/CMakeFiles/ActsCore.dir/src/Propagator/detail/SympyJacobianEngine.cpp.o
[  4%] Linking CXX shared library ../lib64/libActsCore.so
[ 59%] Built target ActsCore
[ 59%] Linking CXX shared library ../../lib64/libActsPluginFpeMonitoring.so
[ 59%] Linking CXX shared library ../lib64/libActsFatras.so
[ 59%] Linking CXX shared library ../../lib64/libActsPluginRoot.so
[ 59%] Linking CXX shared library ../../lib64/libActsPluginJson.so
[ 59%] Built target ActsPluginFpeMonitoring
[ 63%] Built target ActsFatras
[ 63%] Built target ActsPluginRoot
[ 63%] Linking CXX shared library ../../lib64/libActsExamplesFramework.so
[ 68%] Built target ActsPluginJson
[ 77%] Built target ActsExamplesFramework
[ 77%] Linking CXX shared library ../../../lib64/libActsExamplesMagneticField.so
[ 81%] Linking CXX shared library ../../../lib64/libActsExamplesPropagation.so
[ 81%] Linking CXX shared library ../../../lib64/libActsExamplesMaterialMapping.so
[ 81%] Linking CXX shared library ../../lib64/libActsTestsCommonHelpers.so
[ 81%] Linking CXX shared library ../../../lib64/libActsExamplesDigitization.so
[ 81%] Linking CXX shared library ../../../lib64/libActsExamplesTruthTracking.so
[ 81%] Built target ActsExamplesMagneticField
[ 81%] Built target ActsExamplesMaterialMapping
[ 81%] Built target ActsExamplesPropagation
[ 81%] Built target ActsTestsCommonHelpers
[ 86%] Building CXX object Examples/Algorithms/TrackFinding/CMakeFiles/ActsExamplesTrackFinding.dir/src/GlobalPatternFinderAlgorithm.cpp.o
[ 86%] Building CXX object Examples/Algorithms/TrackFinding/CMakeFiles/ActsExamplesTrackFinding.dir/src/GlobalPatternFinderDefs.cpp.o
[ 90%] Built target ActsExamplesTruthTracking
[ 95%] Built target ActsExamplesDigitization
[ 95%] Linking CXX shared library ../../../lib64/libActsExamplesTrackFinding.so
[ 95%] Built target ActsExamplesTrackFinding
[ 95%] Building CXX object Examples/Io/Root/CMakeFiles/ActsExamplesIoRoot.dir/src/RootMuonGlobalPatternWriter.cpp.o
[ 95%] Linking CXX shared library ../../../lib64/libActsExamplesIoRoot.so
[100%] Built target ActsExamplesIoRoot
[100%] Building CXX object Tests/UnitTests/Examples/Algorithms/TrackFinding/CMakeFiles/ActsUnitTestGlobalPatternFinderData.dir/GlobalPatternFinderDataTests.cpp.o
[100%] Linking CXX executable ../../../../../bin/ActsUnitTestGlobalPatternFinderData
[100%] Built target ActsUnitTestGlobalPatternFinderData
[  0%] Built target codegen_79ce5a7ad1c4f4193db110f5858c7c94f7bc3c10_Internal
[  0%] Built target codegen_4febcacac24eb26d1d1d0e61b83dbc12bbdd79cd_Internal
[  0%] Built target codegen_1fb06d98eae48c30a60b4c8acb7ebdbee0670524_Internal
[  0%] Built target codegen_4456db4833ffa91027fc4b960af806f0afc991b3_Internal
[ 75%] Built target ActsCore
[ 75%] Built target ActsPluginFpeMonitoring
[ 81%] Built target ActsFatras
[ 93%] Built target ActsExamplesFramework
[ 93%] Built target ActsExamplesMagneticField
[ 93%] Built target ActsTestsCommonHelpers
[100%] Built target ActsExamplesTrackFinding
[100%] Building CXX object Tests/UnitTests/Examples/Algorithms/TrackFinding/CMakeFiles/ActsUnitTestGlobalPatternFinder.dir/GlobalPatternFinderTests.cpp.o
[100%] Linking CXX executable ../../../../../bin/ActsUnitTestGlobalPatternFinder
[100%] Built target ActsUnitTestGlobalPatternFinder
